// Jest Snapshot v1, https://goo.gl/fbAQLP

exports[`Register person form Should take a snapshot 1`] = `
<DocumentFragment>
  <div
    class="register"
  >
    <div
      class="container"
    >
      <div
        class="row"
      >
        <div
          class="col-md-8 m-auto"
        >
          <h1
            class="display-4 text-center"
          >
            Sign Up
          </h1>
          <p
            class="lead text-center"
          >
            Create your Hassan account
          </p>
          <form>
            <div
              class="form-group"
            >
              <input
                class="form-control form-control-lg"
                name="firstname"
                placeholder="First Name"
                type="text"
                value=""
              />
            </div>
            <div
              class="form-group"
            >
              <input
                class="form-control form-control-lg"
                name="email"
                placeholder="Email Address"
                type="email"
                value=""
              />
            </div>
            <div
              class="form-group"
            >
              <input
                class="form-control form-control-lg"
                name="password"
                placeholder="Password"
                type="password"
                value=""
              />
            </div>
            <div
              class="form-group"
            >
              <input
                class="form-control form-control-lg"
                name="password2"
                placeholder="Confirm Password"
                type="password"
                value=""
              />
            </div>
             
            <button
              class="btn btn-info btn-block mt-4"
              type="submit"
            >
              Submit
            </button>
          </form>
          <a
            class="btn btn-outline-info btn-block mt-4"
            href="/login"
          >
            Login
          </a>
        </div>
      </div>
    </div>
  </div>
</DocumentFragment>
`;
